HI-TECH Software C Compiler 

Linker command line:

--edf=C:\Program Files (x86)\HI-TECH Software\PICC\9.81\dat\en_msgs.txt -cs \
  -h+picdl.sym -z -Q16F877A -ol.obj -Mpicdl.map -E1 -ACONST=00h-0FFhx32 \
  -ACODE=00h-07FFhx4 -ASTRCODE=00h-01FFFh -AENTRY=00h-0FFhx32 \
  -ASTRING=00h-0FFhx32 -ABANK0=020h-06Fh -ABANK1=0A0h-0EFh \
  -ABANK2=0110h-016Fh -ABANK3=0190h-01EFh \
  -ARAM=020h-06Fh,0A0h-0EFh,0110h-016Fh,0190h-01EFh \
  -AABS1=020h-07Fh,0A0h-0EFh,0110h-016Fh,0190h-01EFh -ACOMMON=070h-07Fh \
  -ASFR0=00h-01Fh -ASFR1=080h-09Fh -ASFR2=0100h-010Fh -ASFR3=0180h-018Fh \
  -preset_vec=00h,intentry,init,end_init -ppowerup=CODE -pfunctab=CODE \
  -ACONFIG=02007h-02007h -pconfig=CONFIG -DCONFIG=2 -AIDLOC=02000h-02003h \
  -pidloc=IDLOC -DIDLOC=2 -AEEDATA=00h-0FFh/02100h -peeprom_data=EEDATA \
  -DEEDATA=2 -DCODE=2 -DSTRCODE=2 -DSTRING=2 -DCONST=2 -DENTRY=2 -k \
  startup.obj picdl.obj 

Object code version is 3.10

Machine type is 16F877A



                Name                               Link     Load   Length Selector   Space Scale
startup.obj     end_init                              0        0        3        0       0
picdl.obj       config                             2007     2007        1     400E       0
                text218                             4D2      4D2        9      9A4       0
                text217                             6F1      6F1      10F      DE2       0
                text216                             571      571       29      AE2       0
                text215                             59A      59A       5A      B34       0
                text214                             5F4      5F4       5A      BE8       0
                text213                             54C      54C       25      A98       0
                text212                             4DB      4DB       10      9B6       0
                text211                             52B      52B       21      A56       0
                maintext                            64E      64E       A3      C9C       0
                cstackCOMMON                         70       70        B       70       1
                inittext                            4EB      4EB       11      9D6       0
                dataBANK0                            20       20       15       20       1
                bssBANK0                             35       35        5       20       1
                bssCOMMON                            7B       7B        3       70       1
                cinit                               511      511       1A      A22       0
                strings                               3        3       25        6       0
                idataBANK0                          4FC      4FC       15      9F8       0

TOTAL           Name                               Link     Load   Length     Space
        CLASS   CONST          

        CLASS   CODE           
                end_init                              0        0        3         0
                text218                             4D2      4D2        9         0
                text217                             6F1      6F1      10F         0
                text216                             571      571       29         0
                text215                             59A      59A       5A         0
                text214                             5F4      5F4       5A         0
                text213                             54C      54C       25         0
                text212                             4DB      4DB       10         0
                text211                             52B      52B       21         0
                maintext                            64E      64E       A3         0
                inittext                            4EB      4EB       11         0
                cinit                               511      511       1A         0
                idataBANK0                          4FC      4FC       15         0

        CLASS   STRCODE        

        CLASS   ENTRY          

        CLASS   STRING         
                strings                               3        3       25         0

        CLASS   BANK0          
                dataBANK0                            20       20       15         1
                bssBANK0                             35       35        5         1

        CLASS   BANK1          

        CLASS   BANK2          

        CLASS   BANK3          

        CLASS   RAM            

        CLASS   ABS1           
                abs_s1                               7E       7E        2         1

        CLASS   COMMON         
                cstackCOMMON                         70       70        B         1
                bssCOMMON                            7B       7B        3         1

        CLASS   SFR0           

        CLASS   SFR1           

        CLASS   SFR2           

        CLASS   SFR3           

        CLASS   CONFIG         
                config                             2007     2007        1         0

        CLASS   IDLOC          

        CLASS   EEDATA         



SEGMENTS        Name                           Load    Length   Top    Selector   Space  Class     Delta

                reset_vec                      000000  000003  000003         0       0  CODE        2
                strings                        000003  000025  000028         6       0  STRING      2
                dataBANK0                      000020  00001A  00003A        20       1  BANK0       1
                cstackCOMMON                   000070  00000E  00007E        70       1  COMMON      1
                text218                        0004D2  000009  0004DB       9A4       0  CODE        2
                text212                        0004DB  000010  0004EB       9B6       0  CODE        2
                inittext                       0004EB  000011  0004FC       9D6       0  CODE        2
                idataBANK0                     0004FC  000015  000511       9F8       0  CODE        2
                cinit                          000511  00001A  00052B       A22       0  CODE        2
                text211                        00052B  000021  00054C       A56       0  CODE        2
                text213                        00054C  000025  000571       A98       0  CODE        2
                text216                        000571  000029  00059A       AE2       0  CODE        2
                text215                        00059A  00005A  0005F4       B34       0  CODE        2
                text214                        0005F4  00005A  00064E       BE8       0  CODE        2
                maintext                       00064E  0000A3  0006F1       C9C       0  CODE        2
                text217                        0006F1  00010F  000800       DE2       0  CODE        2
                config                         002007  000001  002008      400E       0  CONFIG      2


UNUSED ADDRESS RANGES

        Name                Unused          Largest block    Delta
        BANK0            003A-006F             36           1
        BANK1            00A0-00EF             50           1
        BANK2            0110-016F             60           1
        BANK3            0190-01EF             60           1
        CODE             0028-04D1            4AA           2
                         0800-1FFF            800
        CONST            0028-04D1            100           2
                         0800-1FFF            100
        EEDATA           2100-21FF            100           2
        ENTRY            0028-04D1            100           2
                         0800-1FFF            100
        IDLOC            2000-2003              4           2
        RAM              003A-006F             36           1
                         00A0-00EF             50
                         0110-016F             60
                         0190-01EF             60
        SFR0             0000-001F             20           1
        SFR1             0080-009F             20           1
        SFR2             0100-010F             10           1
        SFR3             0180-018F             10           1
        STRCODE          0028-04D1            4AA           2
                         0800-1FFF           1800
        STRING           0028-04D1            100           2
                         0800-1FFF            100

                                  Symbol Table

??_Keypad_GetKey        cstackCOMMON 0070
??_Keypad_Init          cstackCOMMON 0070
??_LCD_Char             cstackCOMMON 0070
??_LCD_Clear            cstackCOMMON 0074
??_LCD_Command          cstackCOMMON 0070
??_LCD_Init             cstackCOMMON 0074
??_LCD_String           cstackCOMMON 0074
??_main                 cstackCOMMON 0077
??_strcmp               cstackCOMMON 0072
?_Keypad_GetKey         cstackCOMMON 0070
?_Keypad_Init           cstackCOMMON 0070
?_LCD_Char              cstackCOMMON 0070
?_LCD_Clear             cstackCOMMON 0070
?_LCD_Command           cstackCOMMON 0070
?_LCD_Init              cstackCOMMON 0070
?_LCD_String            cstackCOMMON 0070
?_main                  cstackCOMMON 0070
?_strcmp                cstackCOMMON 0070
LCD_Char@data           cstackCOMMON 0073
LCD_Command@cmd         cstackCOMMON 0073
LCD_String@str          cstackCOMMON 0075
_Keypad_GetKey          text217      06F1
_Keypad_Init            text218      04D2
_LCD_Char               text214      05F4
_LCD_Clear              text212      04DB
_LCD_Command            text215      059A
_LCD_Init               text213      054C
_LCD_String             text211      052B
_OPTION_REG             (abs)        0081
_PORTB                  (abs)        0006
_PORTD                  (abs)        0008
_RB0                    (abs)        0030
_RB1                    (abs)        0031
_RB2                    (abs)        0032
_RB3                    (abs)        0033
_RB4                    (abs)        0034
_RB5                    (abs)        0035
_RB6                    (abs)        0036
_RB7                    (abs)        0037
_RC0                    (abs)        0038
_RC2                    (abs)        003A
_RC3                    (abs)        003B
_TRISB                  (abs)        0086
_TRISB0                 (abs)        0430
_TRISD                  (abs)        0088
__Habs1                 abs1         0000
__Hbank0                bank0        0000
__Hbank1                bank1        0000
__Hbank2                bank2        0000
__Hbank3                bank3        0000
__HbssBANK0             bssBANK0     0000
__HbssCOMMON            bssCOMMON    0000
__Hcinit                cinit        0000
__Hclrtext              clrtext      0000
__Hcode                 code         0000
__Hcommon               common       0000
__Hconfig               config       2008
__HcstackCOMMON         cstackCOMMON 0000
__HdataBANK0            dataBANK0    0000
__Heeprom_data          eeprom_data  0000
__Hend_init             end_init     0003
__Hfunctab              functab      0000
__HidataBANK0           idataBANK0   0000
__Hidloc                idloc        0000
__Hinit                 init         0000
__Hinittext             inittext     0000
__Hintentry             intentry     0000
__Hmaintext             maintext     0000
__Hpowerup              powerup      0000
__Hram                  ram          0000
__Hreset_vec            reset_vec    0000
__Hsfr0                 sfr0         0000
__Hsfr1                 sfr1         0000
__Hsfr2                 sfr2         0000
__Hsfr3                 sfr3         0000
__Hstrings              strings      0000
__Htext                 text         0000
__Labs1                 abs1         0000
__Lbank0                bank0        0000
__Lbank1                bank1        0000
__Lbank2                bank2        0000
__Lbank3                bank3        0000
__LbssBANK0             bssBANK0     0000
__LbssCOMMON            bssCOMMON    0000
__Lcinit                cinit        0000
__Lclrtext              clrtext      0000
__Lcode                 code         0000
__Lcommon               common       0000
__Lconfig               config       2007
__LcstackCOMMON         cstackCOMMON 0000
__LdataBANK0            dataBANK0    0000
__Leeprom_data          eeprom_data  0000
__Lend_init             end_init     0000
__Lfunctab              functab      0000
__LidataBANK0           idataBANK0   0000
__Lidloc                idloc        0000
__Linit                 init         0000
__Linittext             inittext     0000
__Lintentry             intentry     0000
__Lmaintext             maintext     0000
__Lpowerup              powerup      0000
__Lram                  ram          0000
__Lreset_vec            reset_vec    0000
__Lsfr0                 sfr0         0000
__Lsfr1                 sfr1         0000
__Lsfr2                 sfr2         0000
__Lsfr3                 sfr3         0000
__Lstrings              strings      0000
__Ltext                 text         0000
__S0                    (abs)        2008
__S1                    (abs)        007E
__S2                    (abs)        0000
__end_of_Keypad_GetKey  text217      0800
__end_of_Keypad_Init    text218      04DB
__end_of_LCD_Char       text214      064E
__end_of_LCD_Clear      text212      04EB
__end_of_LCD_Command    text215      05F4
__end_of_LCD_Init       text213      0571
__end_of_LCD_String     text211      054C
__end_of_main           maintext     06F1
__end_of_strcmp         text216      059A
__pbssBANK0             bssBANK0     0035
__pbssCOMMON            bssCOMMON    007B
__pcstackCOMMON         cstackCOMMON 0070
__pdataBANK0            dataBANK0    0020
__pidataBANK0           idataBANK0   04FC
__pmaintext             maintext     064E
__pstrings              strings      0003
__ptext211              text211      052B
__ptext212              text212      04DB
__ptext213              text213      054C
__ptext214              text214      05F4
__ptext215              text215      059A
__ptext216              text216      0571
__ptext217              text217      06F1
__ptext218              text218      04D2
__ptext219              text219      0000
__size_of_Keypad_GetKey (abs)        0000
__size_of_Keypad_Init   (abs)        0000
__size_of_LCD_Char      (abs)        0000
__size_of_LCD_Clear     (abs)        0000
__size_of_LCD_Command   (abs)        0000
__size_of_LCD_Init      (abs)        0000
__size_of_LCD_String    (abs)        0000
__size_of_main          (abs)        0000
__size_of_strcmp        (abs)        0000
_colloc                 bssCOMMON    007B
_correct_passcode       dataBANK0    0030
_entered_passcode       bssBANK0     0035
_exit                   init         0000
_index                  bssCOMMON    007C
_keypad                 dataBANK0    0020
_main                   maintext     064E
_rowloc                 bssCOMMON    007D
_strcmp                 text216      0571
btemp                   (abs)        007E
end_of_initialization   cinit        0527
init_fetch              inittext     04EB
init_ram                inittext     04EF
intlevel0               functab      0000
intlevel1               functab      0000
intlevel2               functab      0000
intlevel3               functab      0000
intlevel4               functab      0000
intlevel5               functab      0000
main@key                cstackCOMMON 007A
reset_vec               reset_vec    0000
start                   init         0000
start_initialization    cinit        0511
strcmp@r                cstackCOMMON 0074
strcmp@s1               cstackCOMMON 0075
strcmp@s2               cstackCOMMON 0070
wtemp0                  (abs)        007E
